// Jest Snapshot v1, https://goo.gl/fbAQLP

exports[`ext-ts generator works as expected 1`] = `
Object {
  "contributes": Object {
    "cloudProviders": Array [],
    "crds": Array [],
    "kubernetesDistros": Array [],
  },
  "dependencies": Object {
    "react": "^17.0.1",
    "react-dom": "^17.0.1",
  },
  "description": "randome description",
  "devDependencies": Object {
    "@babel/preset-env": "^7.12.7",
    "@babel/preset-react": "^7.12.7",
    "@babel/preset-typescript": "^7.12.7",
    "@jest-runner/electron": "^3.0.0",
    "@k8slens/extensions": "^4.0.0-beta.4",
    "@testing-library/jest-dom": "^5.11.6",
    "@testing-library/react": "^11.2.2",
    "@types/jest": "^26.0.15",
    "@types/node": "^12.12.9",
    "@types/react": "^17.0.0",
    "@typescript-eslint/eslint-plugin": "^4.8.1",
    "@typescript-eslint/parser": "^4.8.1",
    "electron": "^11.0.3",
    "eslint": "^7.13.0",
    "jest": "^26.6.3",
    "ts-loader": "^8.0.11",
    "typescript": "^4.1.2",
    "webpack": "^4.44.2",
    "webpack-cli": "^3.3.11",
  },
  "engines": Object {
    "node": ">=12.0 <13.0",
  },
  "jest": Object {
    "runner": "@jest-runner/electron",
    "testEnvironment": "@jest-runner/electron/environment",
  },
  "keywords": Array [
    "lens",
    "extension",
    "k8slens",
    "kubernetes",
  ],
  "lingui": Object {
    "locales": Array [
      "en",
    ],
  },
  "main": "dist/main.js",
  "name": "my-test-ext",
  "publisher": "random publisher",
  "renderer": "dist/renderer.js",
  "scripts": Object {
    "build": "npm run clean && webpack",
    "clean": "rm -rf ./dist",
    "start": "webpack --watch",
    "test": "jest",
  },
  "version": "0.0.1",
}
`;

exports[`ext-ts generator works as expected 2`] = `
Object {
  "compilerOptions": Object {
    "allowSyntheticDefaultImports": true,
    "declaration": false,
    "esModuleInterop": true,
    "experimentalDecorators": true,
    "jsx": "react",
    "lib": Array [
      "ESNext",
      "DOM",
      "DOM.Iterable",
    ],
    "module": "CommonJS",
    "moduleResolution": "Node",
    "noImplicitAny": true,
    "outDir": "dist",
    "skipLibCheck": true,
    "sourceMap": false,
    "strict": false,
    "target": "ES2017",
  },
  "exclude": Array [
    "node_modules",
    "*.js",
  ],
  "include": Array [
    "./*.ts",
    "./*.tsx",
  ],
}
`;
