// Jest Snapshot v1, https://goo.gl/fbAQLP

exports[`ext-ts generator works as expected 1`] = `
Object {
  "dependencies": Object {
    "react": "^17.0.2",
    "react-dom": "^17.0.2",
  },
  "description": "randome description",
  "devDependencies": Object {
    "@babel/preset-env": "^7.17.10",
    "@babel/preset-react": "^7.16.7",
    "@babel/preset-typescript": "^7.16.7",
    "@k8slens/extensions": "^6.1.9",
    "@testing-library/jest-dom": "^5.16.5",
    "@testing-library/react": "^12.1.5",
    "@types/jest": "^28.1.6",
    "@types/node": "^16.18.2",
    "@types/react": "^17.0.45",
    "@typescript-eslint/eslint-plugin": "^5.45.0",
    "@typescript-eslint/parser": "^5.45.0",
    "eslint": "^8.28.0",
    "jest": "^28.1.3",
    "ts-loader": "^9.4.1",
    "typescript": "^4.9.3",
    "webpack": "^5.75.0",
    "webpack-cli": "^4.9.2",
  },
  "engines": Object {
    "lens": "^6.0.0",
    "node": ">=16 <17",
  },
  "keywords": Array [
    "lens",
    "extension",
    "k8slens",
    "kubernetes",
  ],
  "main": "dist/main.js",
  "name": "my-test-ext",
  "publisher": "random publisher",
  "renderer": "dist/renderer.js",
  "scripts": Object {
    "build": "npm run clean && NODE_ENV=production webpack",
    "clean": "rm -rf ./dist",
    "lint": "eslint",
    "start": "NODE_ENV=development webpack --watch",
    "test": "npm run lint && jest",
  },
  "version": "0.0.1",
}
`;

exports[`ext-ts generator works as expected 2`] = `
Object {
  "compilerOptions": Object {
    "allowSyntheticDefaultImports": true,
    "declaration": false,
    "esModuleInterop": true,
    "experimentalDecorators": true,
    "jsx": "react",
    "lib": Array [
      "ESNext",
      "DOM",
      "DOM.Iterable",
    ],
    "module": "CommonJS",
    "moduleResolution": "Node",
    "noImplicitAny": true,
    "outDir": "dist",
    "skipLibCheck": true,
    "sourceMap": false,
    "strict": false,
    "target": "ES2017",
  },
  "exclude": Array [
    "node_modules",
    "*.js",
  ],
  "include": Array [
    "./*.ts",
    "./*.tsx",
  ],
}
`;
